// Vitest Snapshot v1, https://vitest.dev/guide/snapshot.html

exports[`DisplayUserName > renders userName 1`] = `
<div>
  <div>
    <span>
      Daniel
    </span>
  </div>
</div>
`;
